// Jest Snapshot v1, https://goo.gl/fbAQLP

exports[`Table есть корректный снимок 1`] = `
<form>
  <input
    type="text"
  />
  <button
    type="submit"
  >
    Поиск
  </button>
</form>
`;

exports[`есть корректный снимок 1`] = `
<div
  className="page"
>
  <div
    className="interactions"
  >
    <form
      onSubmit={[Function]}
    >
      <input
        onChange={[Function]}
        typr="text"
        value="redux"
      />
      <button
        type="submit"
      >
        Поиск
      </button>
    </form>
  </div>
  <div
    className="table"
  />
  <div
    className="interactions"
  >
    <button
      className=""
      onClick={[Function]}
      type="button"
    >
      Больше историй
    </button>
  </div>
</div>
`;
